\BOOKMARK [0][-]{chapter.1}{\376\377\000I\000n\000t\000r\000o\000d\000u\000c\000t\000i\000o\000n}{}% 1
\BOOKMARK [1][-]{section.1.1}{\376\377\000M\000o\000t\000i\000v\000a\000t\000i\000o\000n}{chapter.1}% 2
\BOOKMARK [1][-]{section.1.2}{\376\377\000P\000r\000o\000b\000l\000e\000m\000\040\000S\000t\000a\000t\000e\000m\000e\000n\000t}{chapter.1}% 3
\BOOKMARK [1][-]{section.1.3}{\376\377\000R\000e\000s\000e\000a\000r\000c\000h\000\040\000Q\000u\000e\000s\000t\000i\000o\000n\000s}{chapter.1}% 4
\BOOKMARK [1][-]{section.1.4}{\376\377\000C\000o\000n\000t\000r\000i\000b\000u\000t\000i\000o\000n\000s}{chapter.1}% 5
\BOOKMARK [1][-]{section.1.5}{\376\377\000R\000e\000p\000o\000r\000t\000\040\000S\000t\000r\000u\000c\000t\000u\000r\000e}{chapter.1}% 6
\BOOKMARK [0][-]{chapter.2}{\376\377\000B\000a\000c\000k\000g\000r\000o\000u\000n\000d\000\040\000a\000n\000d\000\040\000R\000e\000l\000a\000t\000e\000d\000\040\000W\000o\000r\000k}{}% 7
\BOOKMARK [1][-]{section.2.1}{\376\377\000M\000o\000n\000t\000e\000\040\000C\000a\000r\000l\000o\000\040\000S\000i\000m\000u\000l\000a\000t\000i\000o\000n}{chapter.2}% 8
\BOOKMARK [1][-]{section.2.2}{\376\377\000A\000u\000t\000o\000m\000a\000t\000i\000c\000\040\000D\000i\000f\000f\000e\000r\000e\000n\000t\000i\000a\000t\000i\000o\000n}{chapter.2}% 9
\BOOKMARK [1][-]{section.2.3}{\376\377\000M\000o\000n\000t\000e\000\040\000C\000a\000r\000l\000o\000\040\000+\000\040\000A\000D\000\040\000C\000h\000a\000l\000l\000e\000n\000g\000e\000s}{chapter.2}% 10
\BOOKMARK [1][-]{section.2.4}{\376\377\000E\000x\000i\000s\000t\000i\000n\000g\000\040\000F\000r\000a\000m\000e\000w\000o\000r\000k\000s}{chapter.2}% 11
\BOOKMARK [1][-]{section.2.5}{\376\377\000H\000a\000r\000d\000w\000a\000r\000e\000\040\000C\000o\000n\000s\000i\000d\000e\000r\000a\000t\000i\000o\000n\000s}{chapter.2}% 12
\BOOKMARK [1][-]{section.2.6}{\376\377\000B\000e\000n\000c\000h\000m\000a\000r\000k\000i\000n\000g\000\040\000M\000e\000t\000h\000o\000d\000o\000l\000o\000g\000y\000\040\000a\000n\000d\000\040\000R\000e\000p\000r\000o\000d\000u\000c\000i\000b\000i\000l\000i\000t\000y}{chapter.2}% 13
\BOOKMARK [1][-]{section.2.7}{\376\377\000C\000o\000m\000p\000i\000l\000e\000r\000\040\000T\000e\000c\000h\000n\000i\000q\000u\000e\000s\000\040\000f\000r\000o\000m\000\040\000M\000a\000c\000h\000i\000n\000e\000\040\000L\000e\000a\000r\000n\000i\000n\000g\000\040\000S\000y\000s\000t\000e\000m\000s}{chapter.2}% 14
\BOOKMARK [1][-]{section.2.8}{\376\377\000B\000e\000n\000c\000h\000m\000a\000r\000k\000\040\000R\000e\000p\000o\000r\000t\000i\000n\000g\000\040\000S\000t\000a\000n\000d\000a\000r\000d\000s}{chapter.2}% 15
\BOOKMARK [1][-]{section.2.9}{\376\377\000B\000u\000d\000g\000e\000t\000-\000A\000w\000a\000r\000e\000\040\000B\000e\000n\000c\000h\000m\000a\000r\000k\000\040\000S\000e\000l\000e\000c\000t\000i\000o\000n}{chapter.2}% 16
\BOOKMARK [1][-]{section.2.10}{\376\377\000S\000u\000m\000m\000a\000r\000y\000\040\000o\000f\000\040\000G\000a\000p\000s}{chapter.2}% 17
\BOOKMARK [0][-]{chapter.3}{\376\377\000S\000y\000s\000t\000e\000m\000\040\000D\000e\000s\000i\000g\000n}{}% 18
\BOOKMARK [1][-]{section.3.1}{\376\377\000D\000e\000s\000i\000g\000n\000\040\000G\000o\000a\000l\000s}{chapter.3}% 19
\BOOKMARK [1][-]{section.3.2}{\376\377\000H\000i\000g\000h\000-\000L\000e\000v\000e\000l\000\040\000A\000r\000c\000h\000i\000t\000e\000c\000t\000u\000r\000e}{chapter.3}% 20
\BOOKMARK [1][-]{section.3.3}{\376\377\000L\000a\000y\000e\000r\000\040\0001\000\040\040\024\000\040\000W\000o\000r\000k\000l\000o\000a\000d\000\040\000C\000o\000n\000f\000i\000g\000u\000r\000a\000t\000i\000o\000n}{chapter.3}% 21
\BOOKMARK [2][-]{subsection.3.3.1}{\376\377\000W\000o\000r\000k\000l\000o\000a\000d\000\040\0001\000\040\040\024\000\040\000E\000u\000r\000o\000p\000e\000a\000n\000\040\000O\000p\000t\000i\000o\000n}{section.3.3}% 22
\BOOKMARK [2][-]{subsection.3.3.2}{\376\377\000W\000o\000r\000k\000l\000o\000a\000d\000\040\0002\000\040\040\024\000\040\000E\000u\000r\000o\000p\000e\000a\000n\000\040\000L\000o\000c\000a\000l\000-\000V\000o\000l\000a\000t\000i\000l\000i\000t\000y\000\040\000O\000p\000t\000i\000o\000n}{section.3.3}% 23
\BOOKMARK [1][-]{section.3.4}{\376\377\000L\000a\000y\000e\000r\000\040\0002\000\040\040\024\000\040\000E\000n\000g\000i\000n\000e\000\040\000I\000n\000t\000e\000r\000f\000a\000c\000e}{chapter.3}% 24
\BOOKMARK [1][-]{section.3.5}{\376\377\000L\000a\000y\000e\000r\000\040\0003\000\040\040\024\000\040\000B\000e\000n\000c\000h\000m\000a\000r\000k\000\040\000R\000u\000n\000n\000e\000r}{chapter.3}% 25
\BOOKMARK [1][-]{section.3.6}{\376\377\000L\000a\000y\000e\000r\000\040\0004\000\040\040\024\000\040\000S\000t\000o\000r\000a\000g\000e}{chapter.3}% 26
\BOOKMARK [1][-]{section.3.7}{\376\377\000L\000a\000y\000e\000r\000\040\0005\000\040\040\024\000\040\000R\000E\000S\000T\000\040\000A\000P\000I}{chapter.3}% 27
\BOOKMARK [1][-]{section.3.8}{\376\377\000L\000a\000y\000e\000r\000\040\0006\000\040\040\024\000\040\000F\000r\000o\000n\000t\000e\000n\000d}{chapter.3}% 28
\BOOKMARK [1][-]{section.3.9}{\376\377\000C\000l\000o\000u\000d\000\040\000C\000o\000s\000t\000-\000P\000e\000r\000f\000o\000r\000m\000a\000n\000c\000e\000\040\000D\000e\000s\000i\000g\000n}{chapter.3}% 29
\BOOKMARK [1][-]{section.3.10}{\376\377\000B\000u\000d\000g\000e\000t\000-\000A\000w\000a\000r\000e\000\040\000P\000r\000o\000f\000i\000l\000e\000r\000\040\000D\000e\000s\000i\000g\000n}{chapter.3}% 30
\BOOKMARK [2][-]{subsection.3.10.1}{\376\377\000P\000r\000o\000b\000e\000-\000B\000a\000s\000e\000d\000\040\000B\000a\000s\000e\000l\000i\000n\000e}{section.3.10}% 31
\BOOKMARK [2][-]{subsection.3.10.2}{\376\377\000S\000u\000c\000c\000e\000s\000s\000i\000v\000e\000\040\000H\000a\000l\000v\000i\000n\000g\000\040\000P\000r\000o\000f\000i\000l\000e\000r}{section.3.10}% 32
\BOOKMARK [1][-]{section.3.11}{\376\377\000D\000e\000s\000i\000g\000n\000\040\000D\000e\000c\000i\000s\000i\000o\000n\000s\000\040\000a\000n\000d\000\040\000T\000r\000a\000d\000e\000-\000o\000f\000f\000s}{chapter.3}% 33
\BOOKMARK [1][-]{section.3.12}{\376\377\000S\000u\000m\000m\000a\000r\000y}{chapter.3}% 34
\BOOKMARK [0][-]{chapter.4}{\376\377\000I\000m\000p\000l\000e\000m\000e\000n\000t\000a\000t\000i\000o\000n}{}% 35
\BOOKMARK [1][-]{section.4.1}{\376\377\000O\000v\000e\000r\000v\000i\000e\000w}{chapter.4}% 36
\BOOKMARK [1][-]{section.4.2}{\376\377\000C\000o\000r\000e\000\040\000M\000o\000d\000u\000l\000e\000s}{chapter.4}% 37
\BOOKMARK [2][-]{subsection.4.2.1}{\376\377\000W\000o\000r\000k\000l\000o\000a\000d\000\040\000R\000e\000g\000i\000s\000t\000r\000y}{section.4.2}% 38
\BOOKMARK [2][-]{subsection.4.2.2}{\376\377\000M\000o\000n\000t\000e\000\040\000C\000a\000r\000l\000o\000\040\000E\000n\000g\000i\000n\000e\000\040\000I\000n\000t\000e\000r\000f\000a\000c\000e}{section.4.2}% 39
\BOOKMARK [2][-]{subsection.4.2.3}{\376\377\000N\000u\000m\000P\000y\000\040\000E\000n\000g\000i\000n\000e}{section.4.2}% 40
\BOOKMARK [2][-]{subsection.4.2.4}{\376\377\000J\000A\000X\000\040\000E\000n\000g\000i\000n\000e}{section.4.2}% 41
\BOOKMARK [2][-]{subsection.4.2.5}{\376\377\000C\000+\000+\000\040\000E\000n\000g\000i\000n\000e}{section.4.2}% 42
\BOOKMARK [2][-]{subsection.4.2.6}{\376\377\000R\000u\000s\000t\000\040\000E\000n\000g\000i\000n\000e}{section.4.2}% 43
\BOOKMARK [2][-]{subsection.4.2.7}{\376\377\000C\000U\000D\000A\000\040\000E\000n\000g\000i\000n\000e}{section.4.2}% 44
\BOOKMARK [2][-]{subsection.4.2.8}{\376\377\000B\000e\000n\000c\000h\000m\000a\000r\000k\000\040\000R\000u\000n\000n\000e\000r}{section.4.2}% 45
\BOOKMARK [2][-]{subsection.4.2.9}{\376\377\000M\000e\000t\000r\000i\000c\000s\000\040\000C\000o\000l\000l\000e\000c\000t\000i\000o\000n}{section.4.2}% 46
\BOOKMARK [2][-]{subsection.4.2.10}{\376\377\000S\000t\000o\000r\000a\000g\000e\000\040\000L\000a\000y\000e\000r}{section.4.2}% 47
\BOOKMARK [2][-]{subsection.4.2.11}{\376\377\000R\000E\000S\000T\000\040\000A\000P\000I}{section.4.2}% 48
\BOOKMARK [2][-]{subsection.4.2.12}{\376\377\000F\000r\000o\000n\000t\000e\000n\000d\000\040\000/\000\040\000D\000a\000s\000h\000b\000o\000a\000r\000d}{section.4.2}% 49
\BOOKMARK [1][-]{section.4.3}{\376\377\000S\000u\000p\000p\000o\000r\000t\000e\000d\000\040\000W\000o\000r\000k\000l\000o\000a\000d\000s}{chapter.4}% 50
\BOOKMARK [1][-]{section.4.4}{\376\377\000A\000D\000\040\000I\000n\000t\000e\000g\000r\000a\000t\000i\000o\000n}{chapter.4}% 51
\BOOKMARK [1][-]{section.4.5}{\376\377\000G\000P\000U\000\040\000S\000u\000p\000p\000o\000r\000t}{chapter.4}% 52
\BOOKMARK [1][-]{section.4.6}{\376\377\000C\000h\000a\000l\000l\000e\000n\000g\000e\000s}{chapter.4}% 53
\BOOKMARK [1][-]{section.4.7}{\376\377\000C\000l\000o\000u\000d\000\040\000M\000e\000t\000a\000d\000a\000t\000a\000\040\000a\000n\000d\000\040\000C\000o\000s\000t\000\040\000S\000u\000p\000p\000o\000r\000t}{chapter.4}% 54
\BOOKMARK [1][-]{section.4.8}{\376\377\000P\000r\000o\000f\000i\000l\000e\000r\000\040\000I\000m\000p\000l\000e\000m\000e\000n\000t\000a\000t\000i\000o\000n}{chapter.4}% 55
\BOOKMARK [1][-]{section.4.9}{\376\377\000T\000e\000s\000t\000i\000n\000g}{chapter.4}% 56
\BOOKMARK [1][-]{section.4.10}{\376\377\000D\000e\000p\000e\000n\000d\000e\000n\000c\000i\000e\000s}{chapter.4}% 57
\BOOKMARK [1][-]{section.4.11}{\376\377\000S\000u\000m\000m\000a\000r\000y}{chapter.4}% 58
\BOOKMARK [0][-]{chapter.5}{\376\377\000E\000x\000p\000e\000r\000i\000m\000e\000n\000t\000a\000l\000\040\000S\000e\000t\000u\000p}{}% 59
\BOOKMARK [1][-]{section.5.1}{\376\377\000O\000v\000e\000r\000v\000i\000e\000w}{chapter.5}% 60
\BOOKMARK [1][-]{section.5.2}{\376\377\000C\000o\000n\000n\000e\000c\000t\000i\000o\000n\000\040\000t\000o\000\040\000t\000h\000e\000\040\000R\000e\000s\000e\000a\000r\000c\000h\000\040\000Q\000u\000e\000s\000t\000i\000o\000n\000s}{chapter.5}% 61
\BOOKMARK [1][-]{section.5.3}{\376\377\000E\000x\000e\000c\000u\000t\000i\000o\000n\000\040\000E\000n\000v\000i\000r\000o\000n\000m\000e\000n\000t}{chapter.5}% 62
\BOOKMARK [1][-]{section.5.4}{\376\377\000W\000o\000r\000k\000l\000o\000a\000d\000s}{chapter.5}% 63
\BOOKMARK [2][-]{subsection.5.4.1}{\376\377\000E\000u\000r\000o\000p\000e\000a\000n\000\040\000O\000p\000t\000i\000o\000n\000\040\000u\000n\000d\000e\000r\000\040\000G\000e\000o\000m\000e\000t\000r\000i\000c\000\040\000B\000r\000o\000w\000n\000i\000a\000n\000\040\000M\000o\000t\000i\000o\000n}{section.5.4}% 64
\BOOKMARK [2][-]{subsection.5.4.2}{\376\377\000E\000u\000r\000o\000p\000e\000a\000n\000\040\000O\000p\000t\000i\000o\000n\000\040\000u\000n\000d\000e\000r\000\040\000P\000a\000r\000a\000m\000e\000t\000r\000i\000c\000\040\000L\000o\000c\000a\000l\000\040\000V\000o\000l\000a\000t\000i\000l\000i\000t\000y}{section.5.4}% 65
\BOOKMARK [2][-]{subsection.5.4.3}{\376\377\000A\000s\000i\000a\000n\000\040\000A\000r\000i\000t\000h\000m\000e\000t\000i\000c\000-\000A\000v\000e\000r\000a\000g\000e\000\040\000O\000p\000t\000i\000o\000n}{section.5.4}% 66
\BOOKMARK [1][-]{section.5.5}{\376\377\000E\000n\000g\000i\000n\000e\000s\000\040\000a\000n\000d\000\040\000S\000o\000f\000t\000w\000a\000r\000e\000\040\000S\000t\000a\000c\000k\000s}{chapter.5}% 67
\BOOKMARK [1][-]{section.5.6}{\376\377\000E\000x\000p\000e\000r\000i\000m\000e\000n\000t\000a\000l\000\040\000V\000a\000r\000i\000a\000b\000l\000e\000s}{chapter.5}% 68
\BOOKMARK [2][-]{subsection.5.6.1}{\376\377\000I\000n\000d\000e\000p\000e\000n\000d\000e\000n\000t\000\040\000V\000a\000r\000i\000a\000b\000l\000e\000s}{section.5.6}% 69
\BOOKMARK [2][-]{subsection.5.6.2}{\376\377\000D\000e\000p\000e\000n\000d\000e\000n\000t\000\040\000V\000a\000r\000i\000a\000b\000l\000e\000s}{section.5.6}% 70
\BOOKMARK [2][-]{subsection.5.6.3}{\376\377\000C\000o\000n\000t\000r\000o\000l\000l\000e\000d\000\040\000V\000a\000r\000i\000a\000b\000l\000e\000s}{section.5.6}% 71
\BOOKMARK [1][-]{section.5.7}{\376\377\000M\000e\000t\000r\000i\000c\000s}{chapter.5}% 72
\BOOKMARK [1][-]{section.5.8}{\376\377\000M\000e\000a\000s\000u\000r\000e\000m\000e\000n\000t\000\040\000M\000e\000t\000h\000o\000d\000o\000l\000o\000g\000y}{chapter.5}% 73
\BOOKMARK [2][-]{subsection.5.8.1}{\376\377\000W\000a\000r\000m\000u\000p\000\040\000a\000n\000d\000\040\000J\000I\000T\000\040\000C\000o\000m\000p\000i\000l\000a\000t\000i\000o\000n}{section.5.8}% 74
\BOOKMARK [2][-]{subsection.5.8.2}{\376\377\000R\000e\000p\000e\000a\000t\000e\000d\000\040\000M\000e\000a\000s\000u\000r\000e\000m\000e\000n\000t\000s}{section.5.8}% 75
\BOOKMARK [2][-]{subsection.5.8.3}{\376\377\000R\000a\000n\000d\000o\000m\000n\000e\000s\000s\000\040\000a\000n\000d\000\040\000C\000o\000r\000r\000e\000c\000t\000n\000e\000s\000s}{section.5.8}% 76
\BOOKMARK [2][-]{subsection.5.8.4}{\376\377\000F\000a\000i\000r\000n\000e\000s\000s\000\040\000C\000o\000n\000t\000r\000o\000l\000s}{section.5.8}% 77
\BOOKMARK [2][-]{subsection.5.8.5}{\376\377\000D\000a\000t\000a\000\040\000E\000x\000c\000l\000u\000s\000i\000o\000n\000\040\000P\000o\000l\000i\000c\000y}{section.5.8}% 78
\BOOKMARK [1][-]{section.5.9}{\376\377\000E\000x\000p\000e\000r\000i\000m\000e\000n\000t\000\040\000S\000c\000r\000i\000p\000t\000s}{chapter.5}% 79
\BOOKMARK [1][-]{section.5.10}{\376\377\000I\000n\000d\000i\000v\000i\000d\000u\000a\000l\000\040\000E\000x\000p\000e\000r\000i\000m\000e\000n\000t\000\040\000D\000e\000s\000i\000g\000n\000s}{chapter.5}% 80
\BOOKMARK [1][-]{section.5.11}{\376\377\000F\000i\000n\000a\000l\000\040\000C\000l\000o\000u\000d\000\040\000a\000n\000d\000\040\000P\000r\000o\000f\000i\000l\000e\000r\000\040\000E\000x\000p\000e\000r\000i\000m\000e\000n\000t\000s}{chapter.5}% 81
\BOOKMARK [1][-]{section.5.12}{\376\377\000E\000x\000e\000c\000u\000t\000i\000o\000n\000\040\000O\000r\000d\000e\000r\000\040\000a\000n\000d\000\040\000A\000n\000a\000l\000y\000s\000i\000s\000\040\000Q\000u\000e\000r\000i\000e\000s}{chapter.5}% 82
\BOOKMARK [1][-]{section.5.13}{\376\377\000R\000e\000p\000r\000o\000d\000u\000c\000i\000b\000i\000l\000i\000t\000y}{chapter.5}% 83
\BOOKMARK [1][-]{section.5.14}{\376\377\000S\000u\000m\000m\000a\000r\000y}{chapter.5}% 84
\BOOKMARK [0][-]{chapter.6}{\376\377\000R\000e\000s\000u\000l\000t\000s\000\040\000a\000n\000d\000\040\000D\000i\000s\000c\000u\000s\000s\000i\000o\000n}{}% 85
\BOOKMARK [1][-]{section.6.1}{\376\377\000O\000v\000e\000r\000v\000i\000e\000w}{chapter.6}% 86
\BOOKMARK [1][-]{section.6.2}{\376\377\000E\000u\000r\000o\000p\000e\000a\000n\000\040\000G\000B\000M\000\040\000V\000a\000l\000i\000d\000a\000t\000i\000o\000n}{chapter.6}% 87
\BOOKMARK [1][-]{section.6.3}{\376\377\000L\000o\000c\000a\000l\000-\000V\000o\000l\000a\000t\000i\000l\000i\000t\000y\000\040\000S\000m\000o\000k\000e\000\040\000T\000e\000s\000t}{chapter.6}% 88
\BOOKMARK [1][-]{section.6.4}{\376\377\000L\000o\000c\000a\000l\000-\000V\000o\000l\000a\000t\000i\000l\000i\000t\000y\000\040\000E\000n\000g\000i\000n\000e\000\040\000S\000c\000a\000l\000a\000b\000i\000l\000i\000t\000y}{chapter.6}% 89
\BOOKMARK [1][-]{section.6.5}{\376\377\000L\000o\000c\000a\000l\000-\000V\000o\000l\000a\000t\000i\000l\000i\000t\000y\000\040\000A\000D\000\040\000S\000c\000a\000l\000i\000n\000g\000\040\000w\000i\000t\000h\000\040\000P\000a\000t\000h\000\040\000C\000o\000u\000n\000t}{chapter.6}% 90
\BOOKMARK [1][-]{section.6.6}{\376\377\000L\000o\000c\000a\000l\000-\000V\000o\000l\000a\000t\000i\000l\000i\000t\000y\000\040\000S\000c\000a\000l\000i\000n\000g\000\040\000w\000i\000t\000h\000\040\000T\000i\000m\000e\000\040\000S\000t\000e\000p\000s}{chapter.6}% 91
\BOOKMARK [1][-]{section.6.7}{\376\377\000L\000o\000c\000a\000l\000-\000V\000o\000l\000a\000t\000i\000l\000i\000t\000y\000\040\000A\000D\000\040\000S\000c\000a\000l\000i\000n\000g\000\040\000w\000i\000t\000h\000\040\000T\000i\000m\000e\000\040\000S\000t\000e\000p\000s}{chapter.6}% 92
\BOOKMARK [1][-]{section.6.8}{\376\377\000M\000e\000m\000o\000r\000y\000\040\000P\000r\000e\000s\000s\000u\000r\000e\000\040\000a\000n\000d\000\040\000P\000r\000a\000c\000t\000i\000c\000a\000l\000\040\000R\000e\000s\000o\000u\000r\000c\000e\000\040\000L\000i\000m\000i\000t\000s}{chapter.6}% 93
\BOOKMARK [1][-]{section.6.9}{\376\377\000T\000h\000r\000e\000a\000d\000\040\000S\000c\000a\000l\000a\000b\000i\000l\000i\000t\000y\000\040\000o\000n\000\040\000L\000o\000c\000a\000l\000\040\000V\000o\000l\000a\000t\000i\000l\000i\000t\000y}{chapter.6}% 94
\BOOKMARK [2][-]{subsection.6.9.1}{\376\377\000S\000t\000r\000o\000n\000g\000\040\000S\000c\000a\000l\000i\000n\000g}{section.6.9}% 95
\BOOKMARK [2][-]{subsection.6.9.2}{\376\377\000W\000e\000a\000k\000\040\000S\000c\000a\000l\000i\000n\000g}{section.6.9}% 96
\BOOKMARK [1][-]{section.6.10}{\376\377\000S\000u\000r\000f\000a\000c\000e\000-\000S\000h\000a\000p\000e\000\040\000S\000e\000n\000s\000i\000t\000i\000v\000i\000t\000y}{chapter.6}% 97
\BOOKMARK [1][-]{section.6.11}{\376\377\000T\000i\000m\000i\000n\000g\000\040\000S\000t\000a\000b\000i\000l\000i\000t\000y}{chapter.6}% 98
\BOOKMARK [1][-]{section.6.12}{\376\377\000S\000t\000r\000e\000s\000s\000\040\000L\000i\000m\000i\000t}{chapter.6}% 99
\BOOKMARK [1][-]{section.6.13}{\376\377\000F\000i\000n\000a\000l\000\040\000C\000l\000o\000u\000d\000\040\000C\000o\000s\000t\000-\000P\000e\000r\000f\000o\000r\000m\000a\000n\000c\000e\000\040\000a\000n\000d\000\040\000P\000r\000o\000f\000i\000l\000e\000r\000\040\000R\000e\000s\000u\000l\000t\000s}{chapter.6}% 100
\BOOKMARK [2][-]{subsection.6.13.1}{\376\377\000C\000o\000r\000r\000e\000c\000t\000n\000e\000s\000s\000\040\000a\000n\000d\000\040\000A\000D\000\040\000O\000v\000e\000r\000h\000e\000a\000d\000\040\000i\000n\000\040\000t\000h\000e\000\040\000F\000i\000n\000a\000l\000\040\000C\000l\000o\000u\000d\000\040\000R\000u\000n}{section.6.13}% 101
\BOOKMARK [2][-]{subsection.6.13.2}{\376\377\000C\000l\000o\000u\000d\000\040\000C\000o\000s\000t\000-\000P\000e\000r\000f\000o\000r\000m\000a\000n\000c\000e}{section.6.13}% 102
\BOOKMARK [2][-]{subsection.6.13.3}{\376\377\000P\000a\000r\000e\000t\000o\000\040\000F\000r\000o\000n\000t\000i\000e\000r}{section.6.13}% 103
\BOOKMARK [2][-]{subsection.6.13.4}{\376\377\000O\000l\000d\000\040\000P\000r\000o\000f\000i\000l\000e\000r\000\040\000v\000e\000r\000s\000u\000s\000\040\000S\000H\000A}{section.6.13}% 104
\BOOKMARK [2][-]{subsection.6.13.5}{\376\377\000G\000u\000a\000r\000d\000e\000d\000\040\000S\000H\000A\000\040\000L\000o\000c\000a\000l\000-\000V\000o\000l\000a\000t\000i\000l\000i\000t\000y\000\040\000P\000r\000o\000f\000i\000l\000e\000r}{section.6.13}% 105
\BOOKMARK [2][-]{subsection.6.13.6}{\376\377\000S\000H\000A\000\040\000P\000r\000o\000g\000r\000e\000s\000s\000i\000o\000n\000\040\000i\000n\000\040\000t\000h\000e\000\040\000E\000a\000r\000l\000i\000e\000r\000\040\000M\000u\000l\000t\000i\000-\000W\000o\000r\000k\000l\000o\000a\000d\000\040\000G\000r\000i\000d}{section.6.13}% 106
\BOOKMARK [1][-]{section.6.14}{\376\377\000C\000r\000o\000s\000s\000-\000Q\000u\000e\000s\000t\000i\000o\000n\000\040\000D\000i\000s\000c\000u\000s\000s\000i\000o\000n}{chapter.6}% 107
\BOOKMARK [2][-]{subsection.6.14.1}{\376\377\000S\000o\000f\000t\000w\000a\000r\000e\000\040\000S\000t\000a\000c\000k\000\040\000a\000n\000d\000\040\000E\000n\000g\000i\000n\000e\000\040\000P\000e\000r\000f\000o\000r\000m\000a\000n\000c\000e}{section.6.14}% 108
\BOOKMARK [2][-]{subsection.6.14.2}{\376\377\000P\000r\000o\000g\000r\000a\000m\000m\000i\000n\000g\000-\000L\000a\000n\000g\000u\000a\000g\000e\000,\000\040\000R\000u\000n\000t\000i\000m\000e\000\040\000a\000n\000d\000\040\000A\000D\000-\000S\000u\000p\000p\000o\000r\000t\000\040\000T\000r\000a\000d\000e\000-\000o\000f\000f\000s}{section.6.14}% 109
\BOOKMARK [2][-]{subsection.6.14.3}{\376\377\000P\000a\000r\000a\000l\000l\000e\000l\000i\000s\000m\000\040\000a\000n\000d\000\040\000B\000o\000t\000t\000l\000e\000n\000e\000c\000k\000s}{section.6.14}% 110
\BOOKMARK [2][-]{subsection.6.14.4}{\376\377\000C\000o\000m\000p\000i\000l\000e\000r\000\040\000a\000n\000d\000\040\000A\000D\000\040\000R\000u\000n\000t\000i\000m\000e\000\040\000T\000e\000c\000h\000n\000i\000q\000u\000e\000s}{section.6.14}% 111
\BOOKMARK [2][-]{subsection.6.14.5}{\376\377\000I\000n\000t\000e\000g\000r\000a\000t\000e\000d\000\040\000S\000c\000o\000p\000e\000\040\000o\000f\000\040\000t\000h\000e\000\040\000C\000o\000m\000p\000l\000e\000t\000e\000d\000\040\000E\000v\000a\000l\000u\000a\000t\000i\000o\000n}{section.6.14}% 112
\BOOKMARK [1][-]{section.6.15}{\376\377\000L\000i\000m\000i\000t\000a\000t\000i\000o\000n\000s\000\040\000a\000n\000d\000\040\000T\000h\000r\000e\000a\000t\000s\000\040\000t\000o\000\040\000V\000a\000l\000i\000d\000i\000t\000y}{chapter.6}% 113
\BOOKMARK [2][-]{subsection.6.15.1}{\376\377\000H\000a\000r\000d\000w\000a\000r\000e\000\040\000a\000n\000d\000\040\000C\000l\000o\000u\000d\000\040\000S\000c\000o\000p\000e}{section.6.15}% 114
\BOOKMARK [2][-]{subsection.6.15.2}{\376\377\000L\000o\000c\000a\000l\000-\000V\000o\000l\000a\000t\000i\000l\000i\000t\000y\000\040\000C\000o\000r\000r\000e\000c\000t\000n\000e\000s\000s}{section.6.15}% 115
\BOOKMARK [2][-]{subsection.6.15.3}{\376\377\000R\000a\000n\000d\000o\000m\000\040\000N\000u\000m\000b\000e\000r\000\040\000G\000e\000n\000e\000r\000a\000t\000i\000o\000n\000\040\000a\000s\000\040\000a\000\040\000C\000o\000n\000f\000o\000u\000n\000d\000e\000r}{section.6.15}% 116
\BOOKMARK [2][-]{subsection.6.15.4}{\376\377\000W\000a\000r\000m\000\040\000v\000e\000r\000s\000u\000s\000\040\000C\000o\000l\000d\000\040\000J\000A\000X\000\040\000E\000x\000e\000c\000u\000t\000i\000o\000n}{section.6.15}% 117
\BOOKMARK [2][-]{subsection.6.15.5}{\376\377\000M\000e\000m\000o\000r\000y\000\040\000M\000e\000a\000s\000u\000r\000e\000m\000e\000n\000t}{section.6.15}% 118
\BOOKMARK [2][-]{subsection.6.15.6}{\376\377\000T\000h\000r\000e\000a\000d\000\040\000C\000o\000n\000t\000r\000o\000l}{section.6.15}% 119
\BOOKMARK [1][-]{section.6.16}{\376\377\000S\000u\000m\000m\000a\000r\000y}{chapter.6}% 120
\BOOKMARK [0][-]{chapter.7}{\376\377\000C\000o\000n\000c\000l\000u\000s\000i\000o\000n}{}% 121
\BOOKMARK [1][-]{section.7.1}{\376\377\000S\000u\000m\000m\000a\000r\000y\000\040\000o\000f\000\040\000W\000o\000r\000k}{chapter.7}% 122
\BOOKMARK [1][-]{section.7.2}{\376\377\000K\000e\000y\000\040\000F\000i\000n\000d\000i\000n\000g\000s}{chapter.7}% 123
\BOOKMARK [1][-]{section.7.3}{\376\377\000A\000n\000s\000w\000e\000r\000i\000n\000g\000\040\000R\000e\000s\000e\000a\000r\000c\000h\000\040\000Q\000u\000e\000s\000t\000i\000o\000n\000s}{chapter.7}% 124
\BOOKMARK [1][-]{section.7.4}{\376\377\000F\000u\000t\000u\000r\000e\000\040\000W\000o\000r\000k}{chapter.7}% 125
\BOOKMARK [1][-]{section.7.5}{\376\377\000F\000i\000n\000a\000l\000\040\000R\000e\000m\000a\000r\000k\000s}{chapter.7}% 126
\BOOKMARK [0][-]{chapter*.32}{\376\377\000D\000e\000c\000l\000a\000r\000a\000t\000i\000o\000n\000s}{}% 127
